// Jest Snapshot v1, https://goo.gl/fbAQLP

exports[`DetectionsTable should render correctly 1`] = `ShallowWrapper {}`;
