// Jest Snapshot v1, https://goo.gl/fbAQLP

exports[`CardHolder should render correctly 1`] = `ShallowWrapper {}`;
